// Jest Snapshot v1, https://goo.gl/fbAQLP

exports[`CLI Test Help Command Test When running avocat with help option Shows available options and commands 1`] = `
"Usage: avocat [command] [options]

ðŸ¥‘ Continuous contract testing for HTTP APIs

Options:
  -v, --version           Avocat current version
  -h, --help              Show available commands/options

Commands:
  status
  import <contract_path>"
`;
